/Users/cheparukhin/ai_science_hack/.venv/lib/python3.12/site-packages/biotite/structure/io/pdbx/convert.py:510: UserWarning: Attribute 'auth_atom_id' not found within 'atom_site' category. The fallback attribute 'label_atom_id' will be used instead
  warnings.warn(
{"model": "boltz2", "seed": 0, "complex_id": "A0201_LLWNGPMAV", "arm": "A", "peptide_ca_rmsd": 0.1670686021655275, "peptide_heavy_rmsd": 0.25752373095261183, "dev_p2": 0.15536139533374646, "dev_p9": 0.15743985128277108, "status": "ok"}
/Users/cheparukhin/ai_science_hack/.venv/lib/python3.12/site-packages/biotite/structure/io/pdbx/convert.py:510: UserWarning: Attribute 'auth_atom_id' not found within 'atom_site' category. The fallback attribute 'label_atom_id' will be used instead
  warnings.warn(
{"model": "boltz2", "seed": 0, "complex_id": "A0201_LLWNGPMAV", "arm": "B", "peptide_ca_rmsd": 0.1440409434560841, "peptide_heavy_rmsd": 0.24261400975974542, "dev_p2": 0.15081150621578884, "dev_p9": 0.13183413337440553, "status": "ok"}
{"model": "boltz2", "seed": 0, "complex_id": "A0201_LLWNGPMAV", "arm": "C", "peptide_ca_rmsd": 0.18094917774439437, "peptide_heavy_rmsd": 0.26422013758318946, "dev_p2": 0.15156787913540337, "dev_p9": 0.13285038793369136, "status": "ok"}
{"model": "boltz2", "seed": 0, "complex_id": "A1101_KTFPPTEPK", "arm": "A", "peptide_ca_rmsd": 0.4957400448417272, "peptide_heavy_rmsd": 1.0450942367286995, "dev_p2": 0.11552866758777532, "dev_p9": 0.16619506020327024, "status": "ok"}
{"model": "boltz2", "seed": 0, "complex_id": "A1101_KTFPPTEPK", "arm": "B", "peptide_ca_rmsd": 0.1944990753943657, "peptide_heavy_rmsd": 0.6245875673595369, "dev_p2": 0.07559472036326027, "dev_p9": 0.15762007150392474, "status": "ok"}
{"model": "boltz2", "seed": 0, "complex_id": "A1101_KTFPPTEPK", "arm": "C", "peptide_ca_rmsd": 0.4093977069490307, "peptide_heavy_rmsd": 0.8515683604574639, "dev_p2": 0.037982174479729465, "dev_p9": 0.18456330035536422, "status": "ok"}
{"model": "boltz2", "seed": 0, "complex_id": "B0702_IPRRNVATL", "arm": "A", "peptide_ca_rmsd": 1.30818700477619, "peptide_heavy_rmsd": 2.2995412432192612, "dev_p2": 0.1507366187616881, "dev_p9": 0.13752829147409726, "status": "ok"}
{"model": "boltz2", "seed": 0, "complex_id": "B0702_IPRRNVATL", "arm": "B", "peptide_ca_rmsd": 0.1755997574834701, "peptide_heavy_rmsd": 0.2561028484258617, "dev_p2": 0.15795892765211905, "dev_p9": 0.11728501069000719, "status": "ok"}
{"model": "boltz2", "seed": 0, "complex_id": "B0702_IPRRNVATL", "arm": "C", "peptide_ca_rmsd": 1.2646699010966347, "peptide_heavy_rmsd": 2.263020422671483, "dev_p2": 0.1495038883352487, "dev_p9": 0.09472376105947322, "status": "ok"}
{"model": "boltz2", "seed": 0, "complex_id": "B0801_ELRRKMMYM", "arm": "A", "peptide_ca_rmsd": 0.2685216762340837, "peptide_heavy_rmsd": 0.7010202158119215, "dev_p2": 0.27786562887043514, "dev_p9": 0.18535802455392877, "status": "ok"}
{"model": "boltz2", "seed": 0, "complex_id": "B0801_ELRRKMMYM", "arm": "B", "peptide_ca_rmsd": 0.20288264908970796, "peptide_heavy_rmsd": 0.36834090524722946, "dev_p2": 0.13062932457778276, "dev_p9": 0.20892653833196825, "status": "ok"}
{"model": "boltz2", "seed": 0, "complex_id": "B0801_ELRRKMMYM", "arm": "C", "peptide_ca_rmsd": 0.2207476016794806, "peptide_heavy_rmsd": 0.6344446252056066, "dev_p2": 0.16250670908649426, "dev_p9": 0.2152151560488513, "status": "ok"}
{"model": "boltz2", "seed": 0, "complex_id": "B1501_ILGPPGSVY", "arm": "A", "peptide_ca_rmsd": 0.41715326630602045, "peptide_heavy_rmsd": 0.45865920983638214, "dev_p2": 0.036889254030944306, "dev_p9": 0.09566129354416422, "status": "ok"}
{"model": "boltz2", "seed": 0, "complex_id": "B1501_ILGPPGSVY", "arm": "B", "peptide_ca_rmsd": 0.3402897280832929, "peptide_heavy_rmsd": 0.42422195554621, "dev_p2": 0.1172788813805898, "dev_p9": 0.13161549267469386, "status": "ok"}
{"model": "boltz2", "seed": 0, "complex_id": "B1501_ILGPPGSVY", "arm": "C", "peptide_ca_rmsd": 0.5451483371507401, "peptide_heavy_rmsd": 0.5311428688894361, "dev_p2": 0.09025280152412925, "dev_p9": 0.09406840563146138, "status": "ok"}
{"model": "boltz2", "seed": 1, "complex_id": "A0201_LLWNGPMAV", "arm": "A", "peptide_ca_rmsd": 0.19799684738505355, "peptide_heavy_rmsd": 0.28977242613630094, "dev_p2": 0.1679725523196195, "dev_p9": 0.1714995044464997, "status": "ok"}
{"model": "boltz2", "seed": 1, "complex_id": "A0201_LLWNGPMAV", "arm": "B", "peptide_ca_rmsd": 0.14086874330282456, "peptide_heavy_rmsd": 0.22821307712638797, "dev_p2": 0.15881759621626612, "dev_p9": 0.1419876202207673, "status": "ok"}
{"model": "boltz2", "seed": 1, "complex_id": "A0201_LLWNGPMAV", "arm": "C", "peptide_ca_rmsd": 0.18532808064777775, "peptide_heavy_rmsd": 0.2637864871245742, "dev_p2": 0.1543880174526389, "dev_p9": 0.14500948674496422, "status": "ok"}
{"model": "boltz2", "seed": 1, "complex_id": "A1101_KTFPPTEPK", "arm": "A", "peptide_ca_rmsd": 0.4949462238611928, "peptide_heavy_rmsd": 0.9302857956167159, "dev_p2": 0.08715630426150113, "dev_p9": 0.12819307683698034, "status": "ok"}
{"model": "boltz2", "seed": 1, "complex_id": "A1101_KTFPPTEPK", "arm": "B", "peptide_ca_rmsd": 0.22086796759020502, "peptide_heavy_rmsd": 0.40620829341875886, "dev_p2": 0.12670013530374225, "dev_p9": 0.14657708284128212, "status": "ok"}
{"model": "boltz2", "seed": 1, "complex_id": "A1101_KTFPPTEPK", "arm": "C", "peptide_ca_rmsd": 0.5684715269478272, "peptide_heavy_rmsd": 0.9924605856557658, "dev_p2": 0.12366949175753839, "dev_p9": 0.24054359546157159, "status": "ok"}
{"model": "boltz2", "seed": 1, "complex_id": "B0702_IPRRNVATL", "arm": "A", "peptide_ca_rmsd": 1.298982688773761, "peptide_heavy_rmsd": 2.306443099050533, "dev_p2": 0.17165270677764569, "dev_p9": 0.13919583082159548, "status": "ok"}
{"model": "boltz2", "seed": 1, "complex_id": "B0702_IPRRNVATL", "arm": "B", "peptide_ca_rmsd": 0.1778034555943809, "peptide_heavy_rmsd": 0.31755230782386246, "dev_p2": 0.13368910405261178, "dev_p9": 0.11354265250015624, "status": "ok"}
{"model": "boltz2", "seed": 1, "complex_id": "B0702_IPRRNVATL", "arm": "C", "peptide_ca_rmsd": 1.2943596412805325, "peptide_heavy_rmsd": 2.185413719998097, "dev_p2": 0.14615914465363275, "dev_p9": 0.06206946606916795, "status": "ok"}
{"model": "boltz2", "seed": 1, "complex_id": "B0801_ELRRKMMYM", "arm": "A", "peptide_ca_rmsd": 0.2955353229263669, "peptide_heavy_rmsd": 1.3103662627058081, "dev_p2": 0.23007268478966422, "dev_p9": 0.3067021184370427, "status": "ok"}
{"model": "boltz2", "seed": 1, "complex_id": "B0801_ELRRKMMYM", "arm": "B", "peptide_ca_rmsd": 0.1677278477940659, "peptide_heavy_rmsd": 0.3533267596778625, "dev_p2": 0.10747766443449047, "dev_p9": 0.2075465287960665, "status": "ok"}
{"model": "boltz2", "seed": 1, "complex_id": "B0801_ELRRKMMYM", "arm": "C", "peptide_ca_rmsd": 0.22433695359426148, "peptide_heavy_rmsd": 1.4324139839977355, "dev_p2": 0.08086055178814637, "dev_p9": 0.2884426200185775, "status": "ok"}
{"model": "boltz2", "seed": 1, "complex_id": "B1501_ILGPPGSVY", "arm": "A", "peptide_ca_rmsd": 0.5001627318165062, "peptide_heavy_rmsd": 0.49567283372502385, "dev_p2": 0.07533675569469692, "dev_p9": 0.06386956577332355, "status": "ok"}
{"model": "boltz2", "seed": 1, "complex_id": "B1501_ILGPPGSVY", "arm": "B", "peptide_ca_rmsd": 0.3687207811617125, "peptide_heavy_rmsd": 0.4342562912235841, "dev_p2": 0.1045984048534354, "dev_p9": 0.17217831914254667, "status": "ok"}
{"model": "boltz2", "seed": 1, "complex_id": "B1501_ILGPPGSVY", "arm": "C", "peptide_ca_rmsd": 0.5451471368552163, "peptide_heavy_rmsd": 0.516947107582395, "dev_p2": 0.03432237720855658, "dev_p9": 0.09238130555580287, "status": "ok"}
{"model": "boltz2", "seed": 2, "complex_id": "A0201_LLWNGPMAV", "arm": "A", "peptide_ca_rmsd": 0.19367680475172602, "peptide_heavy_rmsd": 0.2699264186171165, "dev_p2": 0.17199094108812638, "dev_p9": 0.15753782000842112, "status": "ok"}
{"model": "boltz2", "seed": 2, "complex_id": "A0201_LLWNGPMAV", "arm": "B", "peptide_ca_rmsd": 0.14939903230210716, "peptide_heavy_rmsd": 0.22326029661778982, "dev_p2": 0.15310291880997495, "dev_p9": 0.15449713209252489, "status": "ok"}
{"model": "boltz2", "seed": 2, "complex_id": "A0201_LLWNGPMAV", "arm": "C", "peptide_ca_rmsd": 0.17455891400402418, "peptide_heavy_rmsd": 0.2631710230447998, "dev_p2": 0.14872457274655226, "dev_p9": 0.1591663381309369, "status": "ok"}
{"model": "boltz2", "seed": 2, "complex_id": "A1101_KTFPPTEPK", "arm": "A", "peptide_ca_rmsd": 0.28929118999316905, "peptide_heavy_rmsd": 0.8541076007763666, "dev_p2": 0.047421907556544296, "dev_p9": 0.22472281945682235, "status": "ok"}
{"model": "boltz2", "seed": 2, "complex_id": "A1101_KTFPPTEPK", "arm": "B", "peptide_ca_rmsd": 0.2567038312804281, "peptide_heavy_rmsd": 0.6904634826450714, "dev_p2": 0.1500750415360465, "dev_p9": 0.17313799137453903, "status": "ok"}
{"model": "boltz2", "seed": 2, "complex_id": "A1101_KTFPPTEPK", "arm": "C", "peptide_ca_rmsd": 0.27189560422400944, "peptide_heavy_rmsd": 0.7102254015021195, "dev_p2": 0.10564296022122385, "dev_p9": 0.1992987257633648, "status": "ok"}
{"model": "boltz2", "seed": 2, "complex_id": "B0702_IPRRNVATL", "arm": "A", "peptide_ca_rmsd": 1.2837239030225356, "peptide_heavy_rmsd": 2.210843551005945, "dev_p2": 0.12328144946451722, "dev_p9": 0.06561096868085858, "status": "ok"}
{"model": "boltz2", "seed": 2, "complex_id": "B0702_IPRRNVATL", "arm": "B", "peptide_ca_rmsd": 0.19434154806240078, "peptide_heavy_rmsd": 0.3241434302376708, "dev_p2": 0.16720113910764864, "dev_p9": 0.153246375825181, "status": "ok"}
{"model": "boltz2", "seed": 2, "complex_id": "B0702_IPRRNVATL", "arm": "C", "peptide_ca_rmsd": 1.2729628671005626, "peptide_heavy_rmsd": 2.303831247135811, "dev_p2": 0.1577657833895392, "dev_p9": 0.03363938635897594, "status": "ok"}
{"model": "boltz2", "seed": 2, "complex_id": "B0801_ELRRKMMYM", "arm": "A", "peptide_ca_rmsd": 0.2488820524582609, "peptide_heavy_rmsd": 0.6498441276950996, "dev_p2": 0.1750088696492267, "dev_p9": 0.286023779473094, "status": "ok"}
{"model": "boltz2", "seed": 2, "complex_id": "B0801_ELRRKMMYM", "arm": "B", "peptide_ca_rmsd": 0.18480902194816912, "peptide_heavy_rmsd": 0.38266875522961946, "dev_p2": 0.13603450794217495, "dev_p9": 0.2023421048451556, "status": "ok"}
{"model": "boltz2", "seed": 2, "complex_id": "B0801_ELRRKMMYM", "arm": "C", "peptide_ca_rmsd": 0.2326003905825846, "peptide_heavy_rmsd": 0.6302124558102467, "dev_p2": 0.14942583790384223, "dev_p9": 0.2384148205537177, "status": "ok"}
{"model": "boltz2", "seed": 2, "complex_id": "B1501_ILGPPGSVY", "arm": "A", "peptide_ca_rmsd": 0.5319306836067652, "peptide_heavy_rmsd": 0.524016336087948, "dev_p2": 0.04300667132666435, "dev_p9": 0.10113319333434322, "status": "ok"}
{"model": "boltz2", "seed": 2, "complex_id": "B1501_ILGPPGSVY", "arm": "B", "peptide_ca_rmsd": 0.33318507670603403, "peptide_heavy_rmsd": 0.421504149872763, "dev_p2": 0.1209587147419289, "dev_p9": 0.15008609274877097, "status": "ok"}
{"model": "boltz2", "seed": 2, "complex_id": "B1501_ILGPPGSVY", "arm": "C", "peptide_ca_rmsd": 0.5265735347954542, "peptide_heavy_rmsd": 0.5102418532417914, "dev_p2": 0.03296135727190649, "dev_p9": 0.07906513588169364, "status": "ok"}
{"model": "esmfold2", "seed": 0, "complex_id": "A0201_LLWNGPMAV", "arm": "A", "peptide_ca_rmsd": 0.23134504347459864, "peptide_heavy_rmsd": 0.6497957012908896, "dev_p2": 0.2547070294915807, "dev_p9": 0.11750792635058324, "status": "ok"}
{"model": "esmfold2", "seed": 0, "complex_id": "A0201_LLWNGPMAV", "arm": "B", "peptide_ca_rmsd": 0.19326726590095014, "peptide_heavy_rmsd": 0.7384446327168235, "dev_p2": 0.17011837950146802, "dev_p9": 0.14224340421540665, "status": "ok"}
{"model": "esmfold2", "seed": 0, "complex_id": "A0201_LLWNGPMAV", "arm": "C", "peptide_ca_rmsd": 0.22555264198862776, "peptide_heavy_rmsd": 0.6541499030055082, "dev_p2": 0.25647308199693597, "dev_p9": 0.10560953820275325, "status": "ok"}
{"model": "esmfold2", "seed": 0, "complex_id": "A1101_KTFPPTEPK", "arm": "A", "peptide_ca_rmsd": 0.5627994964213459, "peptide_heavy_rmsd": 1.030107535906871, "dev_p2": 0.16851904270472795, "dev_p9": 0.12838799947463905, "status": "ok"}
{"model": "esmfold2", "seed": 0, "complex_id": "A1101_KTFPPTEPK", "arm": "B", "peptide_ca_rmsd": 0.6090491988179237, "peptide_heavy_rmsd": 1.107173117162066, "dev_p2": 0.053607871167548365, "dev_p9": 0.12124185095657307, "status": "ok"}
{"model": "esmfold2", "seed": 0, "complex_id": "A1101_KTFPPTEPK", "arm": "C", "peptide_ca_rmsd": 0.5633887862339594, "peptide_heavy_rmsd": 1.024760260530461, "dev_p2": 0.16665283683818582, "dev_p9": 0.08995905046227881, "status": "ok"}
{"model": "esmfold2", "seed": 0, "complex_id": "B0702_IPRRNVATL", "arm": "A", "peptide_ca_rmsd": 1.4922869930250904, "peptide_heavy_rmsd": 2.572495877152806, "dev_p2": 0.26811980574986427, "dev_p9": 0.24710546909713424, "status": "ok"}
{"model": "esmfold2", "seed": 0, "complex_id": "B0702_IPRRNVATL", "arm": "B", "peptide_ca_rmsd": 1.2983523226623268, "peptide_heavy_rmsd": 2.414230994939525, "dev_p2": 0.2955321799648234, "dev_p9": 0.2438855834173728, "status": "ok"}
{"model": "esmfold2", "seed": 0, "complex_id": "B0702_IPRRNVATL", "arm": "C", "peptide_ca_rmsd": 1.4974990820600547, "peptide_heavy_rmsd": 2.5729297535002784, "dev_p2": 0.26888888594285754, "dev_p9": 0.24790574385822756, "status": "ok"}
{"model": "esmfold2", "seed": 0, "complex_id": "B0801_ELRRKMMYM", "arm": "A", "peptide_ca_rmsd": 0.4226769552355757, "peptide_heavy_rmsd": 0.6448564109673782, "dev_p2": 0.34204411853710265, "dev_p9": 0.506449519303089, "status": "ok"}
{"model": "esmfold2", "seed": 0, "complex_id": "B0801_ELRRKMMYM", "arm": "B", "peptide_ca_rmsd": 0.5943244653814096, "peptide_heavy_rmsd": 0.9331860541006872, "dev_p2": 0.06489538866083917, "dev_p9": 0.2785510517368359, "status": "ok"}
{"model": "esmfold2", "seed": 0, "complex_id": "B0801_ELRRKMMYM", "arm": "C", "peptide_ca_rmsd": 0.4398607923464745, "peptide_heavy_rmsd": 0.6422720262665295, "dev_p2": 0.33489006507699537, "dev_p9": 0.5106058023722999, "status": "ok"}
{"model": "esmfold2", "seed": 0, "complex_id": "B1501_ILGPPGSVY", "arm": "A", "peptide_ca_rmsd": 1.3619261142247898, "peptide_heavy_rmsd": 1.147832142952338, "dev_p2": 0.24505866400974285, "dev_p9": 0.16453439472812825, "status": "ok"}
{"model": "esmfold2", "seed": 0, "complex_id": "B1501_ILGPPGSVY", "arm": "B", "peptide_ca_rmsd": 1.5676867998372108, "peptide_heavy_rmsd": 1.3078933960172967, "dev_p2": 0.2443262963585506, "dev_p9": 0.20014078245151465, "status": "ok"}
{"model": "esmfold2", "seed": 0, "complex_id": "B1501_ILGPPGSVY", "arm": "C", "peptide_ca_rmsd": 1.3632587227466826, "peptide_heavy_rmsd": 1.1489279567646005, "dev_p2": 0.25414855708131684, "dev_p9": 0.16134866301130169, "status": "ok"}
{"model": "esmfold2", "seed": 1, "complex_id": "A0201_LLWNGPMAV", "arm": "A", "peptide_ca_rmsd": 0.17005955854872123, "peptide_heavy_rmsd": 0.9301049529910823, "dev_p2": 0.18691355928111436, "dev_p9": 0.052960249497889154, "status": "ok"}
{"model": "esmfold2", "seed": 1, "complex_id": "A0201_LLWNGPMAV", "arm": "B", "peptide_ca_rmsd": 0.17750547036562742, "peptide_heavy_rmsd": 0.6622239089712277, "dev_p2": 0.15039208470195808, "dev_p9": 0.14089605231803456, "status": "ok"}
{"model": "esmfold2", "seed": 1, "complex_id": "A0201_LLWNGPMAV", "arm": "C", "peptide_ca_rmsd": 0.1679087774829433, "peptide_heavy_rmsd": 0.9303726893163077, "dev_p2": 0.18980706557021892, "dev_p9": 0.05454104663995059, "status": "ok"}
{"model": "esmfold2", "seed": 1, "complex_id": "A1101_KTFPPTEPK", "arm": "A", "peptide_ca_rmsd": 0.527931640910428, "peptide_heavy_rmsd": 1.0197674932355494, "dev_p2": 0.0697384041025933, "dev_p9": 0.17706094727012517, "status": "ok"}
{"model": "esmfold2", "seed": 1, "complex_id": "A1101_KTFPPTEPK", "arm": "B", "peptide_ca_rmsd": 0.6933256625564825, "peptide_heavy_rmsd": 1.1815307189998203, "dev_p2": 0.03923709406216971, "dev_p9": 0.14141494944605654, "status": "ok"}
{"model": "esmfold2", "seed": 1, "complex_id": "A1101_KTFPPTEPK", "arm": "C", "peptide_ca_rmsd": 0.530623576078431, "peptide_heavy_rmsd": 1.0129250544004327, "dev_p2": 0.06856936208206937, "dev_p9": 0.18133820550636465, "status": "ok"}
{"model": "esmfold2", "seed": 1, "complex_id": "B0702_IPRRNVATL", "arm": "A", "peptide_ca_rmsd": 1.5224864250835102, "peptide_heavy_rmsd": 2.585172905744112, "dev_p2": 0.3266487421522942, "dev_p9": 0.2181995453921556, "status": "ok"}
{"model": "esmfold2", "seed": 1, "complex_id": "B0702_IPRRNVATL", "arm": "B", "peptide_ca_rmsd": 1.4990297312534466, "peptide_heavy_rmsd": 2.611931542064368, "dev_p2": 0.37876867577686785, "dev_p9": 0.2750938859040046, "status": "ok"}
{"model": "esmfold2", "seed": 1, "complex_id": "B0702_IPRRNVATL", "arm": "C", "peptide_ca_rmsd": 1.5229121966762578, "peptide_heavy_rmsd": 2.584254985079729, "dev_p2": 0.3228084337846521, "dev_p9": 0.21715942272541713, "status": "ok"}
{"model": "esmfold2", "seed": 1, "complex_id": "B0801_ELRRKMMYM", "arm": "A", "peptide_ca_rmsd": 0.40991212593127585, "peptide_heavy_rmsd": 0.8043767180817104, "dev_p2": 0.11458029425209285, "dev_p9": 0.3351276607307992, "status": "ok"}
{"model": "esmfold2", "seed": 1, "complex_id": "B0801_ELRRKMMYM", "arm": "B", "peptide_ca_rmsd": 0.6659897482768576, "peptide_heavy_rmsd": 1.0044348306352584, "dev_p2": 0.1153490163792654, "dev_p9": 0.3195886373401075, "status": "ok"}
{"model": "esmfold2", "seed": 1, "complex_id": "B0801_ELRRKMMYM", "arm": "C", "peptide_ca_rmsd": 0.42773150402148846, "peptide_heavy_rmsd": 0.8008274558533489, "dev_p2": 0.13388101050348106, "dev_p9": 0.3639411278337215, "status": "ok"}
{"model": "esmfold2", "seed": 1, "complex_id": "B1501_ILGPPGSVY", "arm": "A", "peptide_ca_rmsd": 1.1715607952631901, "peptide_heavy_rmsd": 1.0508726694822728, "dev_p2": 0.18590085662290212, "dev_p9": 0.19523870299584714, "status": "ok"}
{"model": "esmfold2", "seed": 1, "complex_id": "B1501_ILGPPGSVY", "arm": "B", "peptide_ca_rmsd": 1.4611852964060341, "peptide_heavy_rmsd": 1.2351109141845535, "dev_p2": 0.22609130790955842, "dev_p9": 0.19956494058331334, "status": "ok"}
{"model": "esmfold2", "seed": 1, "complex_id": "B1501_ILGPPGSVY", "arm": "C", "peptide_ca_rmsd": 1.2302929158818268, "peptide_heavy_rmsd": 1.0846575399113214, "dev_p2": 0.19131200378987576, "dev_p9": 0.18698729874337827, "status": "ok"}
{"model": "esmfold2", "seed": 2, "complex_id": "A0201_LLWNGPMAV", "arm": "A", "peptide_ca_rmsd": 0.21649642892765444, "peptide_heavy_rmsd": 0.9958469203090624, "dev_p2": 0.23546238466226083, "dev_p9": 0.1338833452575556, "status": "ok"}
{"model": "esmfold2", "seed": 2, "complex_id": "A0201_LLWNGPMAV", "arm": "B", "peptide_ca_rmsd": 0.2079515946786329, "peptide_heavy_rmsd": 0.7500795381988993, "dev_p2": 0.16658662136505398, "dev_p9": 0.13573247494885932, "status": "ok"}
{"model": "esmfold2", "seed": 2, "complex_id": "A0201_LLWNGPMAV", "arm": "C", "peptide_ca_rmsd": 0.23901045798127069, "peptide_heavy_rmsd": 0.783799396701487, "dev_p2": 0.24577420140467487, "dev_p9": 0.14099984449949413, "status": "ok"}
{"model": "esmfold2", "seed": 2, "complex_id": "A1101_KTFPPTEPK", "arm": "A", "peptide_ca_rmsd": 0.2401674115909616, "peptide_heavy_rmsd": 0.7936177348483954, "dev_p2": 0.16612970565642965, "dev_p9": 0.11334856982559059, "status": "ok"}
{"model": "esmfold2", "seed": 2, "complex_id": "A1101_KTFPPTEPK", "arm": "B", "peptide_ca_rmsd": 0.3428646322351974, "peptide_heavy_rmsd": 0.8236969750163762, "dev_p2": 0.030429131982150612, "dev_p9": 0.15319100715559944, "status": "ok"}
{"model": "esmfold2", "seed": 2, "complex_id": "A1101_KTFPPTEPK", "arm": "C", "peptide_ca_rmsd": 0.21453328798652885, "peptide_heavy_rmsd": 0.7651764311003266, "dev_p2": 0.16467492029309583, "dev_p9": 0.11352061674135895, "status": "ok"}
{"model": "esmfold2", "seed": 2, "complex_id": "B0702_IPRRNVATL", "arm": "A", "peptide_ca_rmsd": 1.2756130253509308, "peptide_heavy_rmsd": 2.371260518051382, "dev_p2": 0.19314966442538584, "dev_p9": 0.29768223736236643, "status": "ok"}
{"model": "esmfold2", "seed": 2, "complex_id": "B0702_IPRRNVATL", "arm": "B", "peptide_ca_rmsd": 1.4405604666957843, "peptide_heavy_rmsd": 2.5641040275395306, "dev_p2": 0.38574317912031064, "dev_p9": 0.2501648916242738, "status": "ok"}
{"model": "esmfold2", "seed": 2, "complex_id": "B0702_IPRRNVATL", "arm": "C", "peptide_ca_rmsd": 1.2745194258948402, "peptide_heavy_rmsd": 2.3658734654295475, "dev_p2": 0.18656861790022272, "dev_p9": 0.29830863729382756, "status": "ok"}
{"model": "esmfold2", "seed": 2, "complex_id": "B0801_ELRRKMMYM", "arm": "A", "peptide_ca_rmsd": 0.3260116791100751, "peptide_heavy_rmsd": 0.6718097483295556, "dev_p2": 0.2890967320977284, "dev_p9": 0.5400163085403132, "status": "ok"}
{"model": "esmfold2", "seed": 2, "complex_id": "B0801_ELRRKMMYM", "arm": "B", "peptide_ca_rmsd": 0.7016161199893379, "peptide_heavy_rmsd": 1.1141892291783297, "dev_p2": 0.1538157242072275, "dev_p9": 0.2484602659749157, "status": "ok"}
{"model": "esmfold2", "seed": 2, "complex_id": "B0801_ELRRKMMYM", "arm": "C", "peptide_ca_rmsd": 0.32171770955469553, "peptide_heavy_rmsd": 0.6668440665305834, "dev_p2": 0.2790323058756772, "dev_p9": 0.514414229073142, "status": "ok"}
{"model": "esmfold2", "seed": 2, "complex_id": "B1501_ILGPPGSVY", "arm": "A", "peptide_ca_rmsd": 1.017519306719857, "peptide_heavy_rmsd": 1.0263461753247947, "dev_p2": 0.18275429369986193, "dev_p9": 0.20052426003491242, "status": "ok"}
{"model": "esmfold2", "seed": 2, "complex_id": "B1501_ILGPPGSVY", "arm": "B", "peptide_ca_rmsd": 1.4345129220057582, "peptide_heavy_rmsd": 1.2184373480905588, "dev_p2": 0.21532231869230709, "dev_p9": 0.20156110073495553, "status": "ok"}
{"model": "esmfold2", "seed": 2, "complex_id": "B1501_ILGPPGSVY", "arm": "C", "peptide_ca_rmsd": 1.042868767929117, "peptide_heavy_rmsd": 1.028410903113247, "dev_p2": 0.18729533361643474, "dev_p9": 0.1957602176946756, "status": "ok"}
{
  "models": {
    "boltz2": {
      "quality_pass": true,
      "checks": {
        "complete_45_predictions": true,
        "all_B_backbone_and_anchors": true,
        "sentinel_absolute": true,
        "sentinel_improvement": true,
        "other_complex_no_regression": true
      },
      "median_heavy_rmsd": {
        "A0201_LLWNGPMAV": {
          "B": 0.22821307712638797,
          "A": 0.2699264186171165,
          "B_minus_A": -0.041713341490728556
        },
        "A1101_KTFPPTEPK": {
          "B": 0.6245875673595369,
          "A": 0.9302857956167159,
          "B_minus_A": -0.30569822825717896
        },
        "B0702_IPRRNVATL": {
          "B": 0.31755230782386246,
          "A": 2.2995412432192612,
          "B_minus_A": -1.9819889353953988
        },
        "B0801_ELRRKMMYM": {
          "B": 0.36834090524722946,
          "A": 0.7010202158119215,
          "B_minus_A": -0.3326793105646921
        },
        "B1501_ILGPPGSVY": {
          "B": 0.42422195554621,
          "A": 0.49567283372502385,
          "B_minus_A": -0.07145087817881385
        }
      },
      "scored": 45
    },
    "esmfold2": {
      "quality_pass": false,
      "checks": {
        "complete_45_predictions": true,
        "all_B_backbone_and_anchors": true,
        "sentinel_absolute": false,
        "sentinel_improvement": false,
        "other_complex_no_regression": true
      },
      "median_heavy_rmsd": {
        "A0201_LLWNGPMAV": {
          "B": 0.7384446327168235,
          "A": 0.9301049529910823,
          "B_minus_A": -0.19166032027425883
        },
        "A1101_KTFPPTEPK": {
          "B": 1.107173117162066,
          "A": 1.0197674932355494,
          "B_minus_A": 0.08740562392651663
        },
        "B0702_IPRRNVATL": {
          "B": 2.5641040275395306,
          "A": 2.572495877152806,
          "B_minus_A": -0.008391849613275326
        },
        "B0801_ELRRKMMYM": {
          "B": 1.0044348306352584,
          "A": 0.6718097483295556,
          "B_minus_A": 0.33262508230570276
        },
        "B1501_ILGPPGSVY": {
          "B": 1.2351109141845535,
          "A": 1.0508726694822728,
          "B_minus_A": 0.18423824470228078
        }
      },
      "scored": 45
    }
  },
  "paired_quality_pass": false,
  "resource_gate": "pending measured production forecast and deadline"
}
